[{"stream_name":"stderr","time":6.164723125,"data":"0.00s - Debugger warning: It seems that frozen modules are being used, which may\n"}
,{"stream_name":"stderr","time":6.164769311,"data":"0.00s - make the debugger miss breakpoints. Please pass -Xfrozen_modules=off\n"}
,{"stream_name":"stderr","time":6.164775755,"data":"0.00s - to python to disable frozen modules.\n"}
,{"stream_name":"stderr","time":6.164780626,"data":"0.00s - Note: Debugging will proceed. Set PYDEVD_DISABLE_FILE_VALIDATION=1 to disable this validation.\n"}
,{"stream_name":"stderr","time":6.728190791,"data":"0.00s - Debugger warning: It seems that frozen modules are being used, which may\n"}
,{"stream_name":"stderr","time":6.728245667,"data":"0.00s - make the debugger miss breakpoints. Please pass -Xfrozen_modules=off\n"}
,{"stream_name":"stderr","time":6.728251682,"data":"0.00s - to python to disable frozen modules.\n"}
,{"stream_name":"stderr","time":6.728255428,"data":"0.00s - Note: Debugging will proceed. Set PYDEVD_DISABLE_FILE_VALIDATION=1 to disable this validation.\n"}
,{"stream_name":"stdout","time":20.031308538,"data":"Device: cuda\n"}
,{"stream_name":"stdout","time":20.031376153,"data":"GPU: Tesla T4\n"}
,{"stream_name":"stdout","time":20.136095411,"data":"Source: /kaggle/input/datasets/namnguynnnn/kvasir-sessile\n"}
,{"stream_name":"stdout","time":23.631089317,"data":"Images: 196\n"}
,{"stream_name":"stdout","time":23.631127918,"data":"Split: train=156, val=40\n"}
,{"stream_name":"stdout","time":23.748470936,"data":"Train: 156, Val: 40\n"}
,{"stream_name":"stderr","time":23.749704885,"data":"/tmp/ipykernel_24/3970899727.py:11: UserWarning: Argument(s) 'num_holes, hole_height, hole_width, fill_value, mask_fill_value' are not valid for transform CoarseDropout\n"}
,{"stream_name":"stderr","time":23.749736071,"data":"  A.CoarseDropout(p=0.3, num_holes=10, hole_height=32, hole_width=32,\n"}
,{"stream_name":"stderr","time":23.749744017,"data":"\n"}
,{"stream_name":"stderr","time":23.751156833,"data":"/tmp/ipykernel_24/3970899727.py:11: UserWarning: Argument(s) 'num_holes, hole_height, hole_width, fill_value, mask_fill_value' are not valid for transform CoarseDropout\n"}
,{"stream_name":"stderr","time":23.751173338,"data":"  A.CoarseDropout(p=0.3, num_holes=10, hole_height=32, hole_width=32,\n"}
,{"stream_name":"stdout","time":23.829380647,"data":"\n"}
,{"stream_name":"stdout","time":23.829413898,"data":"===== Training TC (no_feedback=False, loss=tversky) =====\n"}
,{"stream_name":"stdout","time":45.035750616,"data":"  ep   1: train 0.8480 val 0.8206 binDice 0.2433 prec 0.1726 rec 0.8382 fpr 0.3550\n"}
,{"stream_name":"stdout","time":280.897585664,"data":"  ep  20: train 0.7369 val 0.7281 binDice 0.2723 prec 0.2594 rec 0.5640 fpr 0.1277\n"}
,{"stream_name":"stdout","time":522.592147734,"data":"  ep  40: train 0.5375 val 0.7183 binDice 0.1257 prec 0.1537 rec 0.1613 fpr 0.0184\n"}
,{"stream_name":"stdout","time":761.118981276,"data":"  ep  60: train 0.3082 val 0.6223 binDice 0.3018 prec 0.4671 rec 0.3677 fpr 0.0282\n"}
,{"stream_name":"stdout","time":999.029395368,"data":"  ep  80: train 0.2713 val 0.6219 binDice 0.2991 prec 0.4428 rec 0.3592 fpr 0.0275\n"}
,{"stream_name":"stdout","time":1236.545697499,"data":"  ep 100: train 0.2712 val 0.6221 binDice 0.2989 prec 0.4427 rec 0.3590 fpr 0.0275\n"}
,{"stream_name":"stdout","time":1474.296771764,"data":"  ep 120: train 0.2712 val 0.6221 binDice 0.2989 prec 0.4431 rec 0.3589 fpr 0.0275\n"}
,{"stream_name":"stdout","time":1711.9253181,"data":"  ep 140: train 0.2710 val 0.6221 binDice 0.2989 prec 0.4435 rec 0.3588 fpr 0.0275\n"}
,{"stream_name":"stdout","time":1949.86454311,"data":"  ep 160: train 0.2709 val 0.6222 binDice 0.2988 prec 0.4435 rec 0.3586 fpr 0.0275\n"}
,{"stream_name":"stdout","time":2187.571514907,"data":"  ep 180: train 0.2708 val 0.6222 binDice 0.2988 prec 0.4436 rec 0.3585 fpr 0.0275\n"}
,{"stream_name":"stdout","time":2427.383111891,"data":"  ep 200: train 0.2708 val 0.6222 binDice 0.2989 prec 0.4436 rec 0.3586 fpr 0.0275\n"}
,{"stream_name":"stdout","time":2427.38317519,"data":"  Saved ckpt_TC.pth + train_log_TC.csv (best val 0.6057, best binDice 0.3334)\n"}
,{"stream_name":"stdout","time":2427.383183368,"data":"\n"}
,{"stream_name":"stdout","time":2427.383189096,"data":"===== Training TD (no_feedback=True, loss=tversky) =====\n"}
,{"stream_name":"stdout","time":2441.999787128,"data":"  ep   1: train 0.8397 val 0.8159 binDice 0.2462 prec 0.1947 rec 0.6492 fpr 0.2230\n"}
,{"stream_name":"stdout","time":2674.245834621,"data":"  ep  20: train 0.7349 val 0.7216 binDice 0.2997 prec 0.3063 rec 0.5147 fpr 0.0842\n"}
,{"stream_name":"stdout","time":2914.979577338,"data":"  ep  40: train 0.5500 val 0.6869 binDice 0.3367 prec 0.3140 rec 0.6827 fpr 0.1226\n"}
,{"stream_name":"stdout","time":3154.634283145,"data":"  ep  60: train 0.3526 val 0.6460 binDice 0.3008 prec 0.3626 rec 0.3854 fpr 0.0327\n"}
,{"stream_name":"stdout","time":3393.20461824,"data":"  ep  80: train 0.3450 val 0.6469 binDice 0.3045 prec 0.4139 rec 0.3848 fpr 0.0329\n"}
,{"stream_name":"stdout","time":3630.544564183,"data":"  ep 100: train 0.3450 val 0.6477 binDice 0.3032 prec 0.4137 rec 0.3838 fpr 0.0329\n"}
,{"stream_name":"stdout","time":3867.627634731,"data":"  ep 120: train 0.3449 val 0.6471 binDice 0.3044 prec 0.4141 rec 0.3845 fpr 0.0329\n"}
,{"stream_name":"stdout","time":4104.115802925,"data":"  ep 140: train 0.3448 val 0.6480 binDice 0.3034 prec 0.4140 rec 0.3836 fpr 0.0329\n"}
,{"stream_name":"stdout","time":4340.608616394,"data":"  ep 160: train 0.3448 val 0.6483 binDice 0.3011 prec 0.4139 rec 0.3825 fpr 0.0329\n"}
,{"stream_name":"stdout","time":4576.85905243,"data":"  ep 180: train 0.3447 val 0.6478 binDice 0.3031 prec 0.4141 rec 0.3842 fpr 0.0330\n"}
,{"stream_name":"stdout","time":4813.485290456,"data":"  ep 200: train 0.3447 val 0.6481 binDice 0.3014 prec 0.4143 rec 0.3832 fpr 0.0329\n"}
,{"stream_name":"stdout","time":4813.485328896,"data":"  Saved ckpt_TD.pth + train_log_TD.csv (best val 0.6444, best binDice 0.3512)\n"}
,{"stream_name":"stdout","time":4813.485333001,"data":"\n"}
,{"stream_name":"stdout","time":4813.485336751,"data":"Done training 2 cells.\n"}
,{"stream_name":"stderr","time":4819.14552296,"data":"/usr/local/lib/python3.12/dist-packages/mistune.py:435: SyntaxWarning: invalid escape sequence '\\|'\n"}
,{"stream_name":"stderr","time":4819.145556871,"data":"  cells[i][c] = re.sub('\\\\\\\\\\|', '|', cell)\n"}
,{"stream_name":"stderr","time":4819.292940741,"data":"/usr/local/lib/python3.12/dist-packages/nbconvert/filters/filter_links.py:36: SyntaxWarning: invalid escape sequence '\\_'\n"}
,{"stream_name":"stderr","time":4819.292964055,"data":"  text = re.sub(r'_', '\\_', text) # Escape underscores in display text\n"}
,{"stream_name":"stderr","time":4819.880825673,"data":"[NbConvertApp] Converting notebook __notebook__.ipynb to notebook\n"}
,{"stream_name":"stderr","time":4820.195433272,"data":"[NbConvertApp] Writing 40094 bytes to __notebook__.ipynb\n"}
,{"stream_name":"stderr","time":4822.535979921,"data":"[NbConvertApp] Converting notebook __notebook__.ipynb to html\n"}
,{"stream_name":"stderr","time":4823.495012554,"data":"[NbConvertApp] Writing 406428 bytes to __results__.html\n"}
]