[{"stream_name":"stderr","time":7.55952429,"data":"0.00s - Debugger warning: It seems that frozen modules are being used, which may\n"}
,{"stream_name":"stderr","time":7.559573907,"data":"0.00s - make the debugger miss breakpoints. Please pass -Xfrozen_modules=off\n"}
,{"stream_name":"stderr","time":7.559578295,"data":"0.00s - to python to disable frozen modules.\n"}
,{"stream_name":"stderr","time":7.5595808049999995,"data":"0.00s - Note: Debugging will proceed. Set PYDEVD_DISABLE_FILE_VALIDATION=1 to disable this validation.\n"}
,{"stream_name":"stderr","time":8.166287902,"data":"0.00s - Debugger warning: It seems that frozen modules are being used, which may\n"}
,{"stream_name":"stderr","time":8.16631855,"data":"0.00s - make the debugger miss breakpoints. Please pass -Xfrozen_modules=off\n"}
,{"stream_name":"stderr","time":8.166323282,"data":"0.00s - to python to disable frozen modules.\n"}
,{"stream_name":"stderr","time":8.166331785,"data":"0.00s - Note: Debugging will proceed. Set PYDEVD_DISABLE_FILE_VALIDATION=1 to disable this validation.\n"}
,{"stream_name":"stdout","time":23.666740398,"data":"Device: cuda\n"}
,{"stream_name":"stdout","time":23.666782698,"data":"GPU: Tesla T4\n"}
,{"stream_name":"stdout","time":23.765690638,"data":"Source: /kaggle/input/datasets/namnguynnnn/kvasir-sessile\n"}
,{"stream_name":"stdout","time":25.495411785,"data":"Images: 196\n"}
,{"stream_name":"stdout","time":25.495441105,"data":"Split: train=156, val=40\n"}
,{"stream_name":"stdout","time":25.608531606,"data":"Train: 156, Val: 40\n"}
,{"stream_name":"stderr","time":25.609364145,"data":"/tmp/ipykernel_24/2507292856.py:10: UserWarning: Argument(s) 'num_holes, hole_height, hole_width, fill_value, mask_fill_value' are not valid for transform CoarseDropout\n"}
,{"stream_name":"stderr","time":25.60938829,"data":"  A.CoarseDropout(p=0.3, num_holes=10, hole_height=32, hole_width=32,\n"}
,{"stream_name":"stderr","time":25.609394489,"data":"\n"}
,{"stream_name":"stderr","time":25.609399186,"data":"/tmp/ipykernel_24/2507292856.py:10: UserWarning: Argument(s) 'num_holes, hole_height, hole_width, fill_value, mask_fill_value' are not valid for transform CoarseDropout\n"}
,{"stream_name":"stderr","time":25.609404508,"data":"  A.CoarseDropout(p=0.3, num_holes=10, hole_height=32, hole_width=32,\n"}
,{"stream_name":"stdout","time":25.694399192,"data":"\n"}
,{"stream_name":"stdout","time":25.694421844,"data":"===== Training T00 (gate=binary, dual=False) =====\n"}
,{"stream_name":"stdout","time":47.007372774,"data":"  ep   1: train 0.7928 val 0.7553 best 0.7553\n"}
,{"stream_name":"stdout","time":274.548906245,"data":"  ep  20: train 0.6004 val 0.6129 best 0.6129\n"}
,{"stream_name":"stdout","time":502.04635618,"data":"  ep  40: train 0.5015 val 0.5605 best 0.5505\n"}
,{"stream_name":"stdout","time":728.32514025,"data":"  ep  60: train 0.3676 val 0.5444 best 0.5230\n"}
,{"stream_name":"stdout","time":953.963627954,"data":"  ep  80: train 0.3665 val 0.5448 best 0.5230\n"}
,{"stream_name":"stdout","time":1179.480439061,"data":"  ep 100: train 0.3665 val 0.5449 best 0.5230\n"}
,{"stream_name":"stdout","time":1405.367472653,"data":"  ep 120: train 0.3664 val 0.5449 best 0.5230\n"}
,{"stream_name":"stdout","time":1630.988030139,"data":"  ep 140: train 0.3663 val 0.5449 best 0.5230\n"}
,{"stream_name":"stdout","time":1857.082006865,"data":"  ep 160: train 0.3663 val 0.5450 best 0.5230\n"}
,{"stream_name":"stdout","time":2082.820947969,"data":"  ep 180: train 0.3662 val 0.5449 best 0.5230\n"}
,{"stream_name":"stdout","time":2308.920416279,"data":"  ep 200: train 0.3662 val 0.5451 best 0.5230\n"}
,{"stream_name":"stdout","time":2308.92045667,"data":"  Saved ckpt_T00.pth + train_log_T00.csv (best val 0.5230)\n"}
,{"stream_name":"stdout","time":2308.920473574,"data":"\n"}
,{"stream_name":"stdout","time":2308.920478357,"data":"===== Training T10 (gate=ste, dual=False) =====\n"}
,{"stream_name":"stdout","time":2324.822529169,"data":"  ep   1: train 0.7930 val 0.7519 best 0.7519\n"}
,{"stream_name":"stdout","time":2568.729803441,"data":"  ep  20: train 0.5930 val 0.6112 best 0.6027\n"}
,{"stream_name":"stdout","time":2811.931194337,"data":"  ep  40: train 0.5276 val 0.5788 best 0.5674\n"}
,{"stream_name":"stdout","time":3055.721277529,"data":"  ep  60: train 0.4820 val 0.5832 best 0.5674\n"}
,{"stream_name":"stdout","time":3302.032819201,"data":"  ep  80: train 0.4819 val 0.5832 best 0.5674\n"}
,{"stream_name":"stdout","time":3548.009249251,"data":"  ep 100: train 0.4819 val 0.5832 best 0.5674\n"}
,{"stream_name":"stdout","time":3792.176647582,"data":"  ep 120: train 0.4819 val 0.5832 best 0.5674\n"}
,{"stream_name":"stdout","time":4036.138963472,"data":"  ep 140: train 0.4818 val 0.5832 best 0.5674\n"}
,{"stream_name":"stdout","time":4280.210225749,"data":"  ep 160: train 0.4818 val 0.5832 best 0.5674\n"}
,{"stream_name":"stdout","time":4524.035204247,"data":"  ep 180: train 0.4818 val 0.5832 best 0.5674\n"}
,{"stream_name":"stdout","time":4768.054111815,"data":"  ep 200: train 0.4818 val 0.5832 best 0.5674\n"}
,{"stream_name":"stdout","time":4768.05416048,"data":"  Saved ckpt_T10.pth + train_log_T10.csv (best val 0.5674)\n"}
,{"stream_name":"stdout","time":4768.054167258,"data":"\n"}
,{"stream_name":"stdout","time":4768.054172439,"data":"===== Training T01 (gate=binary, dual=True) =====\n"}
,{"stream_name":"stdout","time":4782.916642123,"data":"  ep   1: train 0.7928 val 0.7553 best 0.7553\n"}
,{"stream_name":"stdout","time":5011.669811263,"data":"  ep  20: train 0.6004 val 0.6129 best 0.6129\n"}
,{"stream_name":"stdout","time":5240.707668961,"data":"  ep  40: train 0.5015 val 0.5605 best 0.5505\n"}
,{"stream_name":"stdout","time":5468.502815346,"data":"  ep  60: train 0.3676 val 0.5444 best 0.5230\n"}
,{"stream_name":"stdout","time":5695.947527176,"data":"  ep  80: train 0.3665 val 0.5448 best 0.5230\n"}
,{"stream_name":"stdout","time":5923.256279758,"data":"  ep 100: train 0.3665 val 0.5449 best 0.5230\n"}
,{"stream_name":"stdout","time":6150.440157514,"data":"  ep 120: train 0.3664 val 0.5449 best 0.5230\n"}
,{"stream_name":"stdout","time":6377.74600922,"data":"  ep 140: train 0.3663 val 0.5449 best 0.5230\n"}
,{"stream_name":"stdout","time":6605.238919027,"data":"  ep 160: train 0.3663 val 0.5450 best 0.5230\n"}
,{"stream_name":"stdout","time":6832.796785302,"data":"  ep 180: train 0.3662 val 0.5449 best 0.5230\n"}
,{"stream_name":"stdout","time":7060.325555212,"data":"  ep 200: train 0.3662 val 0.5451 best 0.5230\n"}
,{"stream_name":"stdout","time":7060.325608312,"data":"  Saved ckpt_T01.pth + train_log_T01.csv (best val 0.5230)\n"}
,{"stream_name":"stdout","time":7060.32561597,"data":"\n"}
,{"stream_name":"stdout","time":7060.325621409,"data":"===== Training T11 (gate=ste, dual=True) =====\n"}
,{"stream_name":"stdout","time":7076.238865769,"data":"  ep   1: train 0.7930 val 0.7519 best 0.7519\n"}
,{"stream_name":"stdout","time":7321.494192049,"data":"  ep  20: train 0.5930 val 0.6112 best 0.6027\n"}
,{"stream_name":"stdout","time":7565.491582309,"data":"  ep  40: train 0.5276 val 0.5788 best 0.5674\n"}
,{"stream_name":"stdout","time":7814.738331301,"data":"  ep  60: train 0.4820 val 0.5832 best 0.5674\n"}
,{"stream_name":"stdout","time":8062.80063349,"data":"  ep  80: train 0.4819 val 0.5832 best 0.5674\n"}
,{"stream_name":"stdout","time":8308.385726525,"data":"  ep 100: train 0.4819 val 0.5832 best 0.5674\n"}
,{"stream_name":"stdout","time":8553.762203685,"data":"  ep 120: train 0.4819 val 0.5832 best 0.5674\n"}
,{"stream_name":"stdout","time":8799.264395687,"data":"  ep 140: train 0.4818 val 0.5832 best 0.5674\n"}
,{"stream_name":"stdout","time":9044.907201356,"data":"  ep 160: train 0.4818 val 0.5832 best 0.5674\n"}
,{"stream_name":"stdout","time":9290.554390291,"data":"  ep 180: train 0.4818 val 0.5832 best 0.5674\n"}
,{"stream_name":"stdout","time":9535.07345725,"data":"  ep 200: train 0.4818 val 0.5832 best 0.5674\n"}
,{"stream_name":"stdout","time":9535.07348968,"data":"  Saved ckpt_T11.pth + train_log_T11.csv (best val 0.5674)\n"}
,{"stream_name":"stdout","time":9535.073497081,"data":"\n"}
,{"stream_name":"stdout","time":9535.073501614,"data":"Done training all 4 cells.\n"}
,{"stream_name":"stderr","time":9540.293535299,"data":"/usr/local/lib/python3.12/dist-packages/mistune.py:435: SyntaxWarning: invalid escape sequence '\\|'\n"}
,{"stream_name":"stderr","time":9540.293575725,"data":"  cells[i][c] = re.sub('\\\\\\\\\\|', '|', cell)\n"}
,{"stream_name":"stderr","time":9540.466086985,"data":"/usr/local/lib/python3.12/dist-packages/nbconvert/filters/filter_links.py:36: SyntaxWarning: invalid escape sequence '\\_'\n"}
,{"stream_name":"stderr","time":9540.466130627,"data":"  text = re.sub(r'_', '\\_', text) # Escape underscores in display text\n"}
,{"stream_name":"stderr","time":9541.111478354,"data":"[NbConvertApp] Converting notebook __notebook__.ipynb to notebook\n"}
,{"stream_name":"stderr","time":9541.445574061,"data":"[NbConvertApp] Writing 35424 bytes to __notebook__.ipynb\n"}
,{"stream_name":"stderr","time":9543.723716855,"data":"[NbConvertApp] Converting notebook __notebook__.ipynb to html\n"}
,{"stream_name":"stderr","time":9544.61819656,"data":"[NbConvertApp] Writing 382333 bytes to __results__.html\n"}
]