[{"stream_name":"stderr","time":7.729804193,"data":"0.00s - Debugger warning: It seems that frozen modules are being used, which may\n"}
,{"stream_name":"stderr","time":7.72987916,"data":"0.00s - make the debugger miss breakpoints. Please pass -Xfrozen_modules=off\n"}
,{"stream_name":"stderr","time":7.729890312,"data":"0.00s - to python to disable frozen modules.\n"}
,{"stream_name":"stderr","time":7.729895171,"data":"0.00s - Note: Debugging will proceed. Set PYDEVD_DISABLE_FILE_VALIDATION=1 to disable this validation.\n"}
,{"stream_name":"stderr","time":8.368158267,"data":"0.00s - Debugger warning: It seems that frozen modules are being used, which may\n"}
,{"stream_name":"stderr","time":8.368200097999999,"data":"0.00s - make the debugger miss breakpoints. Please pass -Xfrozen_modules=off\n"}
,{"stream_name":"stderr","time":8.368204045,"data":"0.00s - to python to disable frozen modules.\n"}
,{"stream_name":"stderr","time":8.368206841,"data":"0.00s - Note: Debugging will proceed. Set PYDEVD_DISABLE_FILE_VALIDATION=1 to disable this validation.\n"}
,{"stream_name":"stdout","time":24.496906498,"data":"Device: cuda\n"}
,{"stream_name":"stdout","time":24.49695853,"data":"GPU: Tesla T4\n"}
,{"stream_name":"stdout","time":24.603294287,"data":"Source: /kaggle/input/datasets/namnguynnnn/kvasir-sessile\n"}
,{"stream_name":"stdout","time":26.790843693,"data":"Images: 196\n"}
,{"stream_name":"stdout","time":26.790878542,"data":"Split: train=156, val=40\n"}
,{"stream_name":"stdout","time":26.927109598,"data":"Train: 156, Val: 40\n"}
,{"stream_name":"stderr","time":26.928425744,"data":"/tmp/ipykernel_24/3970899727.py:11: UserWarning: Argument(s) 'num_holes, hole_height, hole_width, fill_value, mask_fill_value' are not valid for transform CoarseDropout\n"}
,{"stream_name":"stderr","time":26.928459902,"data":"  A.CoarseDropout(p=0.3, num_holes=10, hole_height=32, hole_width=32,\n"}
,{"stream_name":"stderr","time":26.928465086,"data":"\n"}
,{"stream_name":"stderr","time":26.928468742,"data":"/tmp/ipykernel_24/3970899727.py:11: UserWarning: Argument(s) 'num_holes, hole_height, hole_width, fill_value, mask_fill_value' are not valid for transform CoarseDropout\n"}
,{"stream_name":"stderr","time":26.928472396,"data":"  A.CoarseDropout(p=0.3, num_holes=10, hole_height=32, hole_width=32,\n"}
,{"stream_name":"stdout","time":26.988924476,"data":"\n"}
,{"stream_name":"stdout","time":26.988961199,"data":"===== Training T0N (no_feedback=True, loss=dicebce) =====\n"}
,{"stream_name":"stdout","time":48.580743232,"data":"  ep   1: train 0.7810 val 0.7572 valDice 0.1426 best 0.7572\n"}
,{"stream_name":"stdout","time":268.198973136,"data":"  ep  20: train 0.6147 val 0.6144 valDice 0.1437 best 0.6144\n"}
,{"stream_name":"stdout","time":502.382631807,"data":"  ep  40: train 0.4969 val 0.5669 valDice 0.1968 best 0.5639\n"}
,{"stream_name":"stdout","time":736.47089392,"data":"  ep  60: train 0.3798 val 0.5601 valDice 0.1990 best 0.5512\n"}
,{"stream_name":"stdout","time":969.962692922,"data":"  ep  80: train 0.3795 val 0.5603 valDice 0.1989 best 0.5512\n"}
,{"stream_name":"stdout","time":1203.319035194,"data":"  ep 100: train 0.3794 val 0.5604 valDice 0.1988 best 0.5512\n"}
,{"stream_name":"stdout","time":1436.894786874,"data":"  ep 120: train 0.3794 val 0.5604 valDice 0.1988 best 0.5512\n"}
,{"stream_name":"stdout","time":1670.207184278,"data":"  ep 140: train 0.3793 val 0.5604 valDice 0.1988 best 0.5512\n"}
,{"stream_name":"stdout","time":1903.243597059,"data":"  ep 160: train 0.3793 val 0.5604 valDice 0.1988 best 0.5512\n"}
,{"stream_name":"stdout","time":2136.608239741,"data":"  ep 180: train 0.3792 val 0.5604 valDice 0.1987 best 0.5512\n"}
,{"stream_name":"stdout","time":2370.349327762,"data":"  ep 200: train 0.3791 val 0.5603 valDice 0.1988 best 0.5512\n"}
,{"stream_name":"stdout","time":2370.349397693,"data":"  Saved ckpt_T0N.pth + train_log_T0N.csv (best val 0.5512, best valDice 0.2339)\n"}
,{"stream_name":"stdout","time":2370.349402101,"data":"\n"}
,{"stream_name":"stdout","time":2370.349404531,"data":"===== Training TA (no_feedback=False, loss=cella) =====\n"}
,{"stream_name":"stdout","time":2385.647957284,"data":"  ep   1: train 2.6637 val 2.5417 valDice 0.1535 best 2.5417\n"}
,{"stream_name":"stdout","time":2619.876429868,"data":"  ep  20: train 1.7845 val 1.9416 valDice 0.2060 best 1.8621\n"}
,{"stream_name":"stdout","time":2859.120527141,"data":"  ep  40: train 1.1606 val 1.6560 valDice 0.2116 best 1.6560\n"}
,{"stream_name":"stdout","time":3096.144204051,"data":"  ep  60: train 1.0640 val 1.6667 valDice 0.2051 best 1.6560\n"}
,{"stream_name":"stdout","time":3332.91866898,"data":"  ep  80: train 1.0639 val 1.6666 valDice 0.2052 best 1.6560\n"}
,{"stream_name":"stdout","time":3570.204811067,"data":"  ep 100: train 1.0637 val 1.6672 valDice 0.2047 best 1.6560\n"}
,{"stream_name":"stdout","time":3807.102479519,"data":"  ep 120: train 1.0635 val 1.6664 valDice 0.2053 best 1.6560\n"}
,{"stream_name":"stdout","time":4044.138064193,"data":"  ep 140: train 1.0634 val 1.6658 valDice 0.2054 best 1.6560\n"}
,{"stream_name":"stdout","time":4280.635023133,"data":"  ep 160: train 1.0632 val 1.6660 valDice 0.2053 best 1.6560\n"}
,{"stream_name":"stdout","time":4517.555340429,"data":"  ep 180: train 1.0630 val 1.6659 valDice 0.2054 best 1.6560\n"}
,{"stream_name":"stdout","time":4754.814310182,"data":"  ep 200: train 1.0628 val 1.6660 valDice 0.2053 best 1.6560\n"}
,{"stream_name":"stdout","time":4754.814376138,"data":"  Saved ckpt_TA.pth + train_log_TA.csv (best val 1.6560, best valDice 0.2350)\n"}
,{"stream_name":"stdout","time":4754.814383955,"data":"\n"}
,{"stream_name":"stdout","time":4754.814388545,"data":"===== Training TB (no_feedback=False, loss=farwiou) =====\n"}
,{"stream_name":"stdout","time":4770.381044032,"data":"  ep   1: train 5.2817 val 4.8970 valDice 0.1437 best 4.8970\n"}
,{"stream_name":"stdout","time":4996.775807242,"data":"  ep  20: train 3.1352 val 3.1793 valDice 0.1329 best 3.1793\n"}
,{"stream_name":"stdout","time":5230.777488983,"data":"  ep  40: train 2.4455 val 2.5789 valDice 0.1435 best 2.5789\n"}
,{"stream_name":"stdout","time":5463.638370911,"data":"  ep  60: train 1.8260 val 2.5467 valDice 0.1960 best 2.4780\n"}
,{"stream_name":"stdout","time":5698.75518304,"data":"  ep  80: train 1.6816 val 2.6591 valDice 0.1948 best 2.4780\n"}
,{"stream_name":"stdout","time":5933.705349436,"data":"  ep 100: train 1.6809 val 2.6591 valDice 0.1945 best 2.4780\n"}
,{"stream_name":"stdout","time":6168.791602581,"data":"  ep 120: train 1.6801 val 2.6601 valDice 0.1946 best 2.4780\n"}
,{"stream_name":"stdout","time":6403.810426372,"data":"  ep 140: train 1.6796 val 2.6604 valDice 0.1946 best 2.4780\n"}
,{"stream_name":"stdout","time":6638.852232414,"data":"  ep 160: train 1.6793 val 2.6612 valDice 0.1946 best 2.4780\n"}
,{"stream_name":"stdout","time":6873.855015566,"data":"  ep 180: train 1.6787 val 2.6617 valDice 0.1947 best 2.4780\n"}
,{"stream_name":"stdout","time":7108.779177739,"data":"  ep 200: train 1.6783 val 2.6618 valDice 0.1949 best 2.4780\n"}
,{"stream_name":"stdout","time":7108.779229059,"data":"  Saved ckpt_TB.pth + train_log_TB.csv (best val 2.4780, best valDice 0.1978)\n"}
,{"stream_name":"stdout","time":7108.77923707,"data":"\n"}
,{"stream_name":"stdout","time":7108.779258478,"data":"Done training all 3 cells.\n"}
,{"stream_name":"stderr","time":7114.891435433,"data":"/usr/local/lib/python3.12/dist-packages/mistune.py:435: SyntaxWarning: invalid escape sequence '\\|'\n"}
,{"stream_name":"stderr","time":7114.891517152,"data":"  cells[i][c] = re.sub('\\\\\\\\\\|', '|', cell)\n"}
,{"stream_name":"stderr","time":7115.073270053,"data":"/usr/local/lib/python3.12/dist-packages/nbconvert/filters/filter_links.py:36: SyntaxWarning: invalid escape sequence '\\_'\n"}
,{"stream_name":"stderr","time":7115.073295893,"data":"  text = re.sub(r'_', '\\_', text) # Escape underscores in display text\n"}
,{"stream_name":"stderr","time":7115.743572294,"data":"[NbConvertApp] Converting notebook __notebook__.ipynb to notebook\n"}
,{"stream_name":"stderr","time":7116.096336984,"data":"[NbConvertApp] Writing 40530 bytes to __notebook__.ipynb\n"}
,{"stream_name":"stderr","time":7118.612414535,"data":"[NbConvertApp] Converting notebook __notebook__.ipynb to html\n"}
,{"stream_name":"stderr","time":7119.581541213,"data":"[NbConvertApp] Writing 406874 bytes to __results__.html\n"}
]